#
# There is insufficient memory for the Java Runtime Environment to continue.
# Native memory allocation (malloc) failed to allocate 1048576 bytes. Error detail: AllocateHeap
# Possible reasons:
#   The system is out of physical RAM or swap space
#   This process is running with CompressedOops enabled, and the Java Heap may be blocking the growth of the native heap
# Possible solutions:
#   Reduce memory load on the system
#   Increase physical memory or swap space
#   Check if swap backing store is full
#   Decrease Java heap size (-Xmx/-Xms)
#   Decrease number of Java threads
#   Decrease Java thread stack sizes (-Xss)
#   Set larger code cache with -XX:ReservedCodeCacheSize=
#   JVM is running with Unscaled Compressed Oops mode in which the Java heap is
#     placed in the first 4GB address space. The Java Heap base address is the
#     maximum limit for the native heap growth. Please use -XX:HeapBaseMinAddress
#     to set the Java Heap base and to place the Java Heap above 4GB virtual address.
# This output file may be truncated or incomplete.
#
#  Out of Memory Error (allocation.cpp:44), pid=23360, tid=2664
#
# JRE version:  (17.0.12+7) (build )
# Java VM: OpenJDK 64-Bit Server VM (17.0.12+7, mixed mode, tiered, compressed oops, compressed class ptrs, parallel gc, windows-amd64)
# No core dump will be written. Minidumps are not enabled by default on client versions of Windows
#

---------------  S U M M A R Y ------------

Command Line: --add-modules=ALL-SYSTEM --add-opens=java.base/java.util=ALL-UNNAMED --add-opens=java.base/java.lang=ALL-UNNAMED --add-opens=java.base/sun.nio.fs=ALL-UNNAMED -Declipse.application=org.eclipse.jdt.ls.core.id1 -Dosgi.bundles.defaultStartLevel=4 -Declipse.product=org.eclipse.jdt.ls.core.product -Djava.import.generatesMetadataFilesAtProjectRoot=false -DDetectVMInstallationsJob.disabled=true -Dfile.encoding=utf8 -XX:+UseParallelGC -XX:GCTimeRatio=4 -XX:AdaptiveSizePolicyWeight=90 -Dsun.zip.disableMemoryMapping=true -Xmx1G -Xms100m -Xlog:disable -javaagent:c:\Users\Admin\.vscode\extensions\redhat.java-1.35.1-win32-x64\lombok\lombok-1.18.33.jar -XX:+HeapDumpOnOutOfMemoryError -XX:HeapDumpPath=c:\Users\Admin\AppData\Roaming\Code\User\workspaceStorage\89f5bcfca39235fb214009c7b0775841\redhat.java -Daether.dependencyCollector.impl=bf D:\programfile\.vscode\extensions\redhat.java-1.35.1-win32-x64\server\plugins\org.eclipse.equinox.launcher_1.6.900.v20240613-2009.jar -configuration c:\Users\Admin\AppData\Roaming\Code\User\globalStorage\redhat.java\1.35.1\config_win -data c:\Users\Admin\AppData\Roaming\Code\User\workspaceStorage\89f5bcfca39235fb214009c7b0775841\redhat.java\jdt_ws --pipe=\\.\pipe\lsp-edbfc9bbfc4350d4ae86872bf5f97e34-sock

Host: Intel(R) Core(TM) i5-8365U CPU @ 1.60GHz, 8 cores, 15G,  Windows 10 , 64 bit Build 19041 (10.0.19041.4957)
Time: Tue Oct 22 10:34:16 2024 SE Asia Standard Time elapsed time: 0.175771 seconds (0d 0h 0m 0s)

---------------  T H R E A D  ---------------

Current thread (0x0000024085b91a40):  JavaThread "Unknown thread" [_thread_in_vm, id=2664, stack(0x000000a805000000,0x000000a805100000)]

Stack: [0x000000a805000000,0x000000a805100000]
Native frames: (J=compiled Java code, j=interpreted, Vv=VM code, C=native code)
V  [jvm.dll+0x67f929]
V  [jvm.dll+0x8371ba]
V  [jvm.dll+0x838c7e]
V  [jvm.dll+0x8392e3]
V  [jvm.dll+0x24834f]
V  [jvm.dll+0xa70d3]
V  [jvm.dll+0x6b2e9a]
V  [jvm.dll+0x6b3b8f]
V  [jvm.dll+0x68c0b3]
V  [jvm.dll+0x80916b]
V  [jvm.dll+0x36d434]
V  [jvm.dll+0x7e7425]
V  [jvm.dll+0x3f0edf]
V  [jvm.dll+0x3f2a31]
C  [jli.dll+0x528f]
C  [ucrtbase.dll+0x21bb2]
C  [KERNEL32.DLL+0x17374]
C  [ntdll.dll+0x4cc91]


---------------  P R O C E S S  ---------------

Threads class SMR info:
_java_thread_list=0x00007ffd014a6f18, length=0, elements={
}

Java Threads: ( => current thread )

Other Threads:
  0x0000024085bb8ed0 GCTaskThread "GC Thread#0" [stack: 0x000000a805100000,0x000000a805200000] [id=10680]

=>0x0000024085b91a40 (exited) JavaThread "Unknown thread" [_thread_in_vm, id=2664, stack(0x000000a805000000,0x000000a805100000)]

Threads with active compile tasks:

VM state: not at safepoint (normal execution)

VM Mutex/Monitor currently owned by a thread: None

Heap address: 0x00000000c0000000, size: 1024 MB, Compressed Oops mode: 32-bit

CDS archive(s) not mapped
Compressed class space mapped at: 0x0000000100000000-0x0000000140000000, reserved size: 1073741824
Narrow klass base: 0x0000000000000000, Narrow klass shift: 3, Narrow klass range: 0x140000000

GC Precious Log:
 CPUs: 8 total, 8 available
 Memory: 16198M
 Large Page Support: Disabled
 NUMA Support: Disabled
 Compressed Oops: Enabled (32-bit)
 Alignments: Space 512K, Generation 512K, Heap 2M
 Heap Min Capacity: 100M
 Heap Initial Capacity: 100M
 Heap Max Capacity: 1G
 Pre-touch: Disabled
 Parallel Workers: 8

Heap:
 PSYoungGen      total 29696K, used 512K [0x00000000eab00000, 0x00000000ecc00000, 0x0000000100000000)
  eden space 25600K, 2% used [0x00000000eab00000,0x00000000eab80070,0x00000000ec400000)
  from space 4096K, 0% used [0x00000000ec800000,0x00000000ec800000,0x00000000ecc00000)
  to   space 4096K, 0% used [0x00000000ec400000,0x00000000ec400000,0x00000000ec800000)
 ParOldGen       total 68608K, used 0K [0x00000000c0000000, 0x00000000c4300000, 0x00000000eab00000)
  object space 68608K, 0% used [0x00000000c0000000,0x00000000c0000000,0x00000000c4300000)
 Metaspace       used 1149K, committed 1216K, reserved 1114112K
  class space    used 101K, committed 128K, reserved 1048576K

Card table byte_map: [0x0000024099210000,0x0000024099420000] _byte_map_base: 0x0000024098c10000

Marking Bits: (ParMarkBitMap*) 0x00007ffd015158b0
 Begin Bits: [0x0000024099580000, 0x000002409a580000)
 End Bits:   [0x000002409a580000, 0x000002409b580000)

Polling page: 0x0000024085c60000

Metaspace:

Usage:
  Non-class:      1.02 MB used.
      Class:    101.05 KB used.
       Both:      1.12 MB used.

Virtual space:
  Non-class space:       64.00 MB reserved,       1.06 MB (  2%) committed,  1 nodes.
      Class space:        1.00 GB reserved,     128.00 KB ( <1%) committed,  1 nodes.
             Both:        1.06 GB reserved,       1.19 MB ( <1%) committed. 

Chunk freelists:
   Non-Class:  12.00 MB
       Class:  15.75 MB
        Both:  27.75 MB

MaxMetaspaceSize: unlimited
CompressedClassSpaceSize: 1.00 GB
Initial GC threshold: 21.00 MB
Current GC threshold: 17179869184.00 GB
CDS: off
MetaspaceReclaimPolicy: balanced
 - commit_granule_bytes: 65536.
 - commit_granule_words: 8192.
 - virtual_space_node_default_size: 8388608.
 - enlarge_chunks_in_place: 1.
 - new_chunks_are_fully_committed: 0.
 - uncommit_free_chunks: 1.
 - use_allocation_guard: 0.
 - handle_deallocations: 1.


Internal statistics:

num_allocs_failed_limit: 0.
num_arena_births: 2.
num_arena_deaths: 0.
num_vsnodes_births: 2.
num_vsnodes_deaths: 0.
num_space_committed: 19.
num_space_uncommitted: 0.
num_chunks_returned_to_freelist: 0.
num_chunks_taken_from_freelist: 3.
num_chunk_merges: 0.
num_chunk_splits: 2.
num_chunks_enlarged: 0.
num_inconsistent_stats: 0.

CodeHeap 'non-profiled nmethods': size=120000Kb used=0Kb max_used=0Kb free=120000Kb
 bounds [0x0000024091b00000, 0x0000024091d70000, 0x0000024099030000]
CodeHeap 'profiled nmethods': size=120000Kb used=0Kb max_used=0Kb free=120000Kb
 bounds [0x000002408a030000, 0x000002408a2a0000, 0x0000024091560000]
CodeHeap 'non-nmethods': size=5760Kb used=202Kb max_used=353Kb free=5557Kb
 bounds [0x0000024091560000, 0x00000240917d0000, 0x0000024091b00000]
 total_blobs=66 nmethods=0 adapters=47
 compilation: enabled
              stopped_count=0, restarted_count=0
 full_count=0

Compilation events (0 events):
No events

GC Heap History (0 events):
No events

Dll operation events (1 events):
Event: 0.062 Loaded shared library c:\Users\Admin\.vscode\extensions\redhat.java-1.35.1-win32-x64\jre\17.0.12-win32-x86_64\bin\java.dll

Deoptimization events (0 events):
No events

Classes loaded (20 events):
Event: 0.150 Loading class java/lang/Long
Event: 0.151 Loading class java/lang/Long done
Event: 0.151 Loading class java/util/Iterator
Event: 0.151 Loading class java/util/Iterator done
Event: 0.151 Loading class java/lang/reflect/RecordComponent
Event: 0.151 Loading class java/lang/reflect/RecordComponent done
Event: 0.151 Loading class jdk/internal/vm/vector/VectorSupport
Event: 0.152 Loading class jdk/internal/vm/vector/VectorSupport done
Event: 0.152 Loading class jdk/internal/vm/vector/VectorSupport$VectorPayload
Event: 0.152 Loading class jdk/internal/vm/vector/VectorSupport$VectorPayload done
Event: 0.152 Loading class jdk/internal/vm/vector/VectorSupport$Vector
Event: 0.152 Loading class jdk/internal/vm/vector/VectorSupport$Vector done
Event: 0.152 Loading class jdk/internal/vm/vector/VectorSupport$VectorMask
Event: 0.152 Loading class jdk/internal/vm/vector/VectorSupport$VectorMask done
Event: 0.152 Loading class jdk/internal/vm/vector/VectorSupport$VectorShuffle
Event: 0.152 Loading class jdk/internal/vm/vector/VectorSupport$VectorShuffle done
Event: 0.156 Loading class java/lang/NullPointerException
Event: 0.156 Loading class java/lang/NullPointerException done
Event: 0.156 Loading class java/lang/ArithmeticException
Event: 0.156 Loading class java/lang/ArithmeticException done

Classes unloaded (0 events):
No events

Classes redefined (0 events):
No events

Internal exceptions (0 events):
No events

VM Operations (0 events):
No events

Events (0 events):
No events


Dynamic libraries:
0x00007ff6aaf90000 - 0x00007ff6aaf9e000 	c:\Users\Admin\.vscode\extensions\redhat.java-1.35.1-win32-x64\jre\17.0.12-win32-x86_64\bin\java.exe
0x00007ffd49e90000 - 0x00007ffd4a088000 	C:\Windows\SYSTEM32\ntdll.dll
0x00007ffd49a40000 - 0x00007ffd49b02000 	C:\Windows\System32\KERNEL32.DLL
0x00007ffd478d0000 - 0x00007ffd47bce000 	C:\Windows\System32\KERNELBASE.dll
0x00007ffd47c40000 - 0x00007ffd47d40000 	C:\Windows\System32\ucrtbase.dll
0x00007ffd2a6f0000 - 0x00007ffd2a707000 	c:\Users\Admin\.vscode\extensions\redhat.java-1.35.1-win32-x64\jre\17.0.12-win32-x86_64\bin\jli.dll
0x00007ffd49060000 - 0x00007ffd491fd000 	C:\Windows\System32\USER32.dll
0x00007ffd476a0000 - 0x00007ffd476c2000 	C:\Windows\System32\win32u.dll
0x00007ffd48cb0000 - 0x00007ffd48cdb000 	C:\Windows\System32\GDI32.dll
0x00007ffd47530000 - 0x00007ffd47647000 	C:\Windows\System32\gdi32full.dll
0x00007ffd476d0000 - 0x00007ffd4776d000 	C:\Windows\System32\msvcp_win.dll
0x00007ffd2a6c0000 - 0x00007ffd2a6db000 	c:\Users\Admin\.vscode\extensions\redhat.java-1.35.1-win32-x64\jre\17.0.12-win32-x86_64\bin\VCRUNTIME140.dll
0x00007ffd2fd60000 - 0x00007ffd2fffa000 	C:\Windows\WinSxS\amd64_microsoft.windows.common-controls_6595b64144ccf1df_6.0.19041.4355_none_60b8b9eb71f62e16\COMCTL32.dll
0x00007ffd48e10000 - 0x00007ffd48eae000 	C:\Windows\System32\msvcrt.dll
0x00007ffd48d00000 - 0x00007ffd48d2f000 	C:\Windows\System32\IMM32.DLL
0x00007ffd30040000 - 0x00007ffd3004c000 	c:\Users\Admin\.vscode\extensions\redhat.java-1.35.1-win32-x64\jre\17.0.12-win32-x86_64\bin\vcruntime140_1.dll
0x00007ffd07c10000 - 0x00007ffd07c9d000 	c:\Users\Admin\.vscode\extensions\redhat.java-1.35.1-win32-x64\jre\17.0.12-win32-x86_64\bin\msvcp140.dll
0x00007ffd00970000 - 0x00007ffd015da000 	c:\Users\Admin\.vscode\extensions\redhat.java-1.35.1-win32-x64\jre\17.0.12-win32-x86_64\bin\server\jvm.dll
0x00007ffd49d90000 - 0x00007ffd49e42000 	C:\Windows\System32\ADVAPI32.dll
0x00007ffd484a0000 - 0x00007ffd48540000 	C:\Windows\System32\sechost.dll
0x00007ffd48370000 - 0x00007ffd48493000 	C:\Windows\System32\RPCRT4.dll
0x00007ffd47dd0000 - 0x00007ffd47df7000 	C:\Windows\System32\bcrypt.dll
0x00007ffd499d0000 - 0x00007ffd49a3b000 	C:\Windows\System32\WS2_32.dll
0x00007ffd472e0000 - 0x00007ffd4732b000 	C:\Windows\SYSTEM32\POWRPROF.dll
0x00007ffd25e30000 - 0x00007ffd25e57000 	C:\Windows\SYSTEM32\WINMM.dll
0x00007ffd3cc10000 - 0x00007ffd3cc1a000 	C:\Windows\SYSTEM32\VERSION.dll
0x00007ffd472c0000 - 0x00007ffd472d2000 	C:\Windows\SYSTEM32\UMPDC.dll
0x00007ffd45d10000 - 0x00007ffd45d22000 	C:\Windows\SYSTEM32\kernel.appcore.dll
0x00007ffd2d740000 - 0x00007ffd2d74a000 	c:\Users\Admin\.vscode\extensions\redhat.java-1.35.1-win32-x64\jre\17.0.12-win32-x86_64\bin\jimage.dll
0x00007ffd45b00000 - 0x00007ffd45ce4000 	C:\Windows\SYSTEM32\DBGHELP.DLL
0x00007ffd25df0000 - 0x00007ffd25e24000 	C:\Windows\SYSTEM32\dbgcore.DLL
0x00007ffd47d40000 - 0x00007ffd47dc2000 	C:\Windows\System32\bcryptPrimitives.dll
0x00007ffd2d6a0000 - 0x00007ffd2d6ae000 	c:\Users\Admin\.vscode\extensions\redhat.java-1.35.1-win32-x64\jre\17.0.12-win32-x86_64\bin\instrument.dll
0x00007ffd1b860000 - 0x00007ffd1b885000 	c:\Users\Admin\.vscode\extensions\redhat.java-1.35.1-win32-x64\jre\17.0.12-win32-x86_64\bin\java.dll
0x00007ffd17680000 - 0x00007ffd17698000 	c:\Users\Admin\.vscode\extensions\redhat.java-1.35.1-win32-x64\jre\17.0.12-win32-x86_64\bin\zip.dll

dbghelp: loaded successfully - version: 4.0.5 - missing functions: none
symbol engine: initialized successfully - sym options: 0x614 - pdb path: .;c:\Users\Admin\.vscode\extensions\redhat.java-1.35.1-win32-x64\jre\17.0.12-win32-x86_64\bin;C:\Windows\SYSTEM32;C:\Windows\WinSxS\amd64_microsoft.windows.common-controls_6595b64144ccf1df_6.0.19041.4355_none_60b8b9eb71f62e16;c:\Users\Admin\.vscode\extensions\redhat.java-1.35.1-win32-x64\jre\17.0.12-win32-x86_64\bin\server

VM Arguments:
jvm_args: --add-modules=ALL-SYSTEM --add-opens=java.base/java.util=ALL-UNNAMED --add-opens=java.base/java.lang=ALL-UNNAMED --add-opens=java.base/sun.nio.fs=ALL-UNNAMED -Declipse.application=org.eclipse.jdt.ls.core.id1 -Dosgi.bundles.defaultStartLevel=4 -Declipse.product=org.eclipse.jdt.ls.core.product -Djava.import.generatesMetadataFilesAtProjectRoot=false -DDetectVMInstallationsJob.disabled=true -Dfile.encoding=utf8 -XX:+UseParallelGC -XX:GCTimeRatio=4 -XX:AdaptiveSizePolicyWeight=90 -Dsun.zip.disableMemoryMapping=true -Xmx1G -Xms100m -Xlog:disable -javaagent:c:\Users\Admin\.vscode\extensions\redhat.java-1.35.1-win32-x64\lombok\lombok-1.18.33.jar -XX:+HeapDumpOnOutOfMemoryError -XX:HeapDumpPath=c:\Users\Admin\AppData\Roaming\Code\User\workspaceStorage\89f5bcfca39235fb214009c7b0775841\redhat.java -Daether.dependencyCollector.impl=bf 
java_command: D:\programfile\.vscode\extensions\redhat.java-1.35.1-win32-x64\server\plugins\org.eclipse.equinox.launcher_1.6.900.v20240613-2009.jar -configuration c:\Users\Admin\AppData\Roaming\Code\User\globalStorage\redhat.java\1.35.1\config_win -data c:\Users\Admin\AppData\Roaming\Code\User\workspaceStorage\89f5bcfca39235fb214009c7b0775841\redhat.java\jdt_ws --pipe=\\.\pipe\lsp-edbfc9bbfc4350d4ae86872bf5f97e34-sock
java_class_path (initial): D:\programfile\.vscode\extensions\redhat.java-1.35.1-win32-x64\server\plugins\org.eclipse.equinox.launcher_1.6.900.v20240613-2009.jar
Launcher Type: SUN_STANDARD

[Global flags]
    uintx AdaptiveSizePolicyWeight                 = 90                                        {product} {command line}
     intx CICompilerCount                          = 4                                         {product} {ergonomic}
    uintx GCTimeRatio                              = 4                                         {product} {command line}
     bool HeapDumpOnOutOfMemoryError               = true                                   {manageable} {command line}
    ccstr HeapDumpPath                             = c:\Users\Admin\AppData\Roaming\Code\User\workspaceStorage\89f5bcfca39235fb214009c7b0775841\redhat.java         {manageable} {command line}
   size_t InitialHeapSize                          = 104857600                                 {product} {command line}
   size_t MaxHeapSize                              = 1073741824                                {product} {command line}
   size_t MaxNewSize                               = 357564416                                 {product} {ergonomic}
   size_t MinHeapDeltaBytes                        = 524288                                    {product} {ergonomic}
   size_t MinHeapSize                              = 104857600                                 {product} {command line}
   size_t NewSize                                  = 34603008                                  {product} {ergonomic}
    uintx NonNMethodCodeHeapSize                   = 5839372                                {pd product} {ergonomic}
    uintx NonProfiledCodeHeapSize                  = 122909434                              {pd product} {ergonomic}
   size_t OldSize                                  = 70254592                                  {product} {ergonomic}
    uintx ProfiledCodeHeapSize                     = 122909434                              {pd product} {ergonomic}
    uintx ReservedCodeCacheSize                    = 251658240                              {pd product} {ergonomic}
     bool SegmentedCodeCache                       = true                                      {product} {ergonomic}
   size_t SoftMaxHeapSize                          = 1073741824                             {manageable} {ergonomic}
     bool UseCompressedClassPointers               = true                           {product lp64_product} {ergonomic}
     bool UseCompressedOops                        = true                           {product lp64_product} {ergonomic}
     bool UseLargePagesIndividualAllocation        = false                                  {pd product} {ergonomic}
     bool UseParallelGC                            = true                                      {product} {command line}

Logging:
Log output configuration:
 #0: stdout all=off uptime,level,tags
 #1: stderr all=off uptime,level,tags

Environment Variables:
JAVA_HOME=D:\programfile\java17
PATH=D:\programfile\VMWare\VMware Workstation\bin\;c:\Users\Admin\AppData\Local\Programs\cursor\resources\app\bin;C:\Program Files\Common Files\Oracle\Java\javapath;C:\Windows\system32;C:\Windows;C:\Windows\System32\Wbem;C:\Windows\System32\WindowsPowerShell\v1.0\;C:\Windows\System32\OpenSSH\;D:\programfile\python3_12_3;\bin;D:\programfile\Git LFS;D:\programfile\MongoDB\mongosh-2.2.5-win32-x64\bin;D:\programfile\MongoDB\Server\7.0\bin;D:\programfile\gradle-8.7\bin;D:\programfile\nodejs\;D:\programfile\apache-maven-3.9.7\bin;C:\Program Files\Azure Data Studio\bin;C:\Program Files\dotnet\;D:\programfile\xampp\php;D:\programfile\composer;C:\Program Files (x86)\Microsoft SQL Server\160\DTS\Binn\;D:\programfile\Git\cmd;D:\programfile\java17\bin;D:\programfile\PortableGit\usr\bin;D:\programfile\IntelliJ IDEA 2024.1\bin;D:\download\spring-2.7.13\bin;C:\Program Files\MySQL\MySQL Shell 8.0\bin\;C:\Windows\system32;C:\Windows;C:\Windows\System32\Wbem;C:\Windows\Syst;C:\ProgramData\chocolatey\bin;C:\Program Files\Docker\Docker\resources\bin;C:\Program Files\MySQL\MySQL Shell 8.0\bin\;C:\Windows\system32;C:\Windows;C:\Windows\System32\Wbem;C:\Windows\System32\WindowsPowerShell\v1.0\;C:\Windows\System32\OpenSSH\;D:\programfile\python3_12_3;D:\programfile\MongoDB\mongosh-2.2.5-win32-x64\bin;D:\programfile\MongoDB\Server\7.0\bin;D:\programfile\Git\cmd;D:\programfile\nodejs\;C:\Users\Admin\AppData\Local\Programs\Python\Launcher\;D:\programfile\Scripts\;D:\programfile\;D:\Users\Admin\AppData\Local\Programs\Python\Python312\Scripts\;D:\Users\Admin\AppData\Local\Programs\Python\Python312\;C:\Users\Admin\AppData\Local\Microsoft\WindowsApps;C:\Program Files\Azure Data Studio\bin;C:\Users\Admin\AppData\Roaming\npm;D:\programfile\JetBrains\IntelliJ IDEA 2024.1.2\bin;;D:\programfile\AppData\Local\Programs\Microsoft VS Code\bin;C:\Program Files\Azure Data Studio\bin;D:\programfile\PyCharm 2024.1\bin;;C:\Users\Admin\AppData\Roaming\Composer\vendor\bin;C:\Users\Admin\.dotnet\tools;
USERNAME=Admin
OS=Windows_NT
PROCESSOR_IDENTIFIER=Intel64 Family 6 Model 142 Stepping 12, GenuineIntel
TMP=C:\Windows\TEMP
TEMP=C:\Windows\TEMP



Periodic native trim disabled


---------------  S Y S T E M  ---------------

OS:
 Windows 10 , 64 bit Build 19041 (10.0.19041.4957)
OS uptime: 2 days 1:49 hours
Hyper-V role detected

CPU: total 8 (initial active 8) (4 cores per cpu, 2 threads per core) family 6 model 142 stepping 12 microcode 0xf0, cx8, cmov, fxsr, ht, mmx, 3dnowpref, sse, sse2, sse3, ssse3, sse4.1, sse4.2, popcnt, lzcnt, tsc, tscinvbit, avx, avx2, aes, erms, clmul, bmi1, bmi2, rtm, adx, fma, vzeroupper, clflush, clflushopt, hv
Processor Information for all 8 processors :
  Max Mhz: 1896, Current Mhz: 1596, Mhz Limit: 1592

Memory: 4k page, system-wide physical 16198M (2519M free)
TotalPageFile size 28998M (AvailPageFile size 34M)
current process WorkingSet (physical memory assigned to process): 15M, peak: 15M
current process commit charge ("private bytes"): 150M, peak: 151M

vm_info: OpenJDK 64-Bit Server VM (17.0.12+7) for windows-amd64 JRE (17.0.12+7), built on Jul 16 2024 22:08:24 by "admin" with MS VC++ 16.10 / 16.11 (VS2019)

END.
